<html>
<body>
<pre>
<h1>µVision Build Log</h1>
<h2>Project:</h2>
C:\Users\Ethan Blaser\Documents\GitHub\Mini-Project-0\MiniProj0.uvproj
Project File Date:  09/08/2021

<h2>Output:</h2>
Build target 'Target 1'
linking...
Program Size: Code=1212 RO-data=32 RW-data=4 ZI-data=1028  
".\MiniProj0.axf" - 0 Error(s), 0 Warning(s).
Load "C:\\Users\\Ethan Blaser\\Documents\\GitHub\\Mini-Project-0\\MiniProj0.axf" 
Connecting: Mode=JTAG, Speed=1000000Hz
Erase Done.
Programming Done.
Verify OK.
</pre>
</body>
</html>
